[spearheadproperties.local/index.html]
[spearheadproperties.local/wp-content/uploads/2025/08/Spearhead-logo-transparent.png]
[backblue.gif]
[fade.gif]
[index.html]
[spearheadproperties.local/wp-content/plugins/LayerSlider/assets/static/layerslider/css/layersliderd230.css]
[spearheadproperties.local/wp-content/plugins/chaty-pro/css/chaty-front.min20a9.css]
[spearheadproperties.local/wp-content/plugins/revslider/public/css/sr72837.css]
[spearheadproperties.local/feed/index.html]
[spearheadproperties.local/wp-includes/js/mediaelement/mediaelementplayer-legacy.min1f61.css]
[spearheadproperties.local/comments/feed/index.html]
[spearheadproperties.local/wp-includes/js/mediaelement/wp-mediaelement.min6c2d.css]
[spearheadproperties.local/wp-content/themes/bridge/style6c2d.css]
[spearheadproperties.local/wp-content/themes/bridge/css/font-awesome/css/font-awesome.min6c2d.css]
[spearheadproperties.local/wp-content/themes/bridge/css/elegant-icons/style.min6c2d.css]
[spearheadproperties.local/wp-content/themes/bridge/css/linea-icons/style6c2d.css]
[spearheadproperties.local/wp-content/themes/bridge/css/dripicons/dripicons6c2d.css]
[spearheadproperties.local/wp-content/themes/bridge/css/kiko/kiko-all6c2d.css]
[spearheadproperties.local/wp-content/themes/bridge/css/font-awesome-5/css/font-awesome-5.min6c2d.css]
[spearheadproperties.local/wp-content/themes/bridge/css/print6c2d.css]
[spearheadproperties.local/wp-content/themes/bridge/css/stylesheet.min6c2d.css]
[spearheadproperties.local/wp-content/themes/bridge/css/responsive.min6c2d.css]
[spearheadproperties.local/wp-content/themes/bridge/css/style_dynamic_responsive0308.css]
[spearheadproperties.local/wp-content/plugins/js_composer/assets/css/js_composer.min31dc.css]
[spearheadproperties.local/wp-content/themes/bridge-child/style6c2d.css]
[spearheadproperties.local/wp-content/plugins/elementor/assets/css/frontend.mindabc.css]
[spearheadproperties.local/wp-content/uploads/elementor/css/post-59d49.css]
[spearheadproperties.local/wp-content/plugins/elementor/assets/css/widget-heading.mindabc.css]
[spearheadproperties.local/wp-content/plugins/elementor/assets/css/widget-image.mindabc.css]
[spearheadproperties.local/wp-content/plugins/elementor/assets/css/widget-icon-box.mindabc.css]
[spearheadproperties.local/wp-content/plugins/elementor-pro/assets/css/widget-flip-box.min9e35.css]
[spearheadproperties.local/wp-content/uploads/elementor/css/post-7a2c1.css]
[spearheadproperties.local/wp-content/uploads/elementor/google-fonts/css/robotoa7c6.css]
[spearheadproperties.local/wp-content/uploads/elementor/google-fonts/css/robotoslabef38.css]
[spearheadproperties.local/wp-content/uploads/elementor/google-fonts/css/cormorantgaramondaae5.css]
[spearheadproperties.local/wp-content/uploads/elementor/google-fonts/css/cinzela103.css]
[spearheadproperties.local/wp-content/uploads/elementor/google-fonts/css/cormorante4d4.css]
[spearheadproperties.local/wp-includes/js/jquery/jquery.minf43b.js]
[spearheadproperties.local/wp-includes/js/jquery/jquery-migrate.min5589.js]
[spearheadproperties.local/wp-content/plugins/LayerSlider/assets/static/layerslider/js/layerslider.utilsd230.js]
[spearheadproperties.local/wp-content/plugins/LayerSlider/assets/static/layerslider/js/layerslider.kreaturamedia.jqueryd230.js]
[spearheadproperties.local/wp-content/plugins/LayerSlider/assets/static/layerslider/js/layerslider.transitionsd230.js]
[spearheadproperties.local/wp-content/plugins/revslider/public/js/libs/tptools2837.js]
[spearheadproperties.local/wp-content/plugins/revslider/public/js/sr72837.js]
[spearheadproperties.local/wp-json/oembed/1.0/embed5e63.json]
[spearheadproperties.local/wp-json/index.html]
[spearheadproperties.local/revslider/revslider.php]
[spearheadproperties.local/wp-content/plugins/index.html]
[spearheadproperties.local/wp-content/uploads/2025/08/SpearHead-Logo-Black-Transparent.png]
[spearheadproperties.local/wp-content/plugins/unlimited-elements-for-elementor-premium/assets_libraries/fancybox3/jquery.fancybox.min.css]
[spearheadproperties.local/wp-content/uploads/2025/08/Sobha.jpg]
[spearheadproperties.local/wp-content/uploads/2025/08/Binghatti.jpg]
[spearheadproperties.local/ellington/indexa9a6.html]
[spearheadproperties.local/wp-content/uploads/2025/08/ellington.jpg]
[spearheadproperties.local/contact/index.html]
[spearheadproperties.local/wp-content/uploads/2025/08/Emaar-Properties.jpg]
[spearheadproperties.local/tools/index.html]
[spearheadproperties.local/wp-content/uploads/2025/08/Damac-Prop.webp]
[spearheadproperties.local/sobha/index.html]
[spearheadproperties.local/wp-content/uploads/2025/08/Omniyat.jpg]
[spearheadproperties.local/binghatti/index.html]
[spearheadproperties.local/wp-content/uploads/2025/08/Deyaar-1.jpg]
[spearheadproperties.local/ellington/index.html]
[spearheadproperties.local/wp-content/uploads/2025/08/Nakheel.webp]
[spearheadproperties.local/emaar/index.html]
[spearheadproperties.local/wp-content/uploads/2025/08/Aldar-Hq.jpg]
[spearheadproperties.local/wp-content/uploads/2025/08/Spearhead-Story-Image-1024x657.jpg]
[spearheadproperties.local/omniyat/index.html]
[spearheadproperties.local/deyaar/index.html]
[spearheadproperties.local/wp-content/plugins/unlimited-elements-for-elementor-premium/assets_libraries/font-awesome6/fontawesome-all.min.css]
[spearheadproperties.local/nakheel/index.html]
[spearheadproperties.local/wp-content/plugins/unlimited-elements-for-elementor-premium/assets_libraries/font-awesome6/fontawesome-v4-shims.min.css]
[cdnjs.cloudflare.com/ajax/libs/font-awesome/6.5.0/css/all.min.css]
[spearheadproperties.local/wp-content/uploads/2025/08/Get-in-touch-1024x682.jpg]
[spearheadproperties.local/aldaar/index.html]
[spearheadproperties.local/wp-content/plugins/elementor-pro/assets/css/modules/motion-fx.min9e35.css]
[spearheadproperties.local/wp-content/plugins/elementor-pro/assets/css/modules/sticky.min9e35.css]
[spearheadproperties.local/wp-content/plugins/chaty-pro/js/cht-front-script.min20a9.js]
[spearheadproperties.local/wp-content/plugins/chaty-pro/js/picmo-umd.mind617.js]
[spearheadproperties.local/wp-includes/js/jquery/ui/core.minb37e.js]
[spearheadproperties.local/wp-includes/js/jquery/ui/accordion.minb37e.js]
[spearheadproperties.local/wp-includes/js/jquery/ui/tabs.minb37e.js]
[spearheadproperties.local/wp-content/themes/bridge/js/plugins/doubletaptogo6c2d.js]
[spearheadproperties.local/wp-content/themes/bridge/js/plugins/modernizr.min6c2d.js]
[spearheadproperties.local/wp-content/themes/bridge/js/plugins/jquery.appear6c2d.js]
[spearheadproperties.local/wp-includes/js/hoverIntent.min3e5a.js]
[spearheadproperties.local/wp-content/themes/bridge/js/plugins/counter6c2d.js]
[spearheadproperties.local/wp-content/themes/bridge/js/plugins/easypiechart6c2d.js]
[spearheadproperties.local/wp-content/themes/bridge/js/plugins/mixitup6c2d.js]
[spearheadproperties.local/wp-content/themes/bridge/js/plugins/jquery.prettyPhoto6c2d.js]
[spearheadproperties.local/wp-content/themes/bridge/js/plugins/jquery.fitvids6c2d.js]
[spearheadproperties.local/wp-content/themes/bridge/js/plugins/jquery.flexslider-min6c2d.js]
[spearheadproperties.local/wp-includes/js/mediaelement/mediaelement-and-player.min1f61.js]
[spearheadproperties.local/wp-includes/js/mediaelement/mediaelement-migrate.min6c2d.js]
[spearheadproperties.local/wp-includes/js/mediaelement/wp-mediaelement.min6c2d.js]
[spearheadproperties.local/wp-content/themes/bridge/js/plugins/infinitescroll.min6c2d.js]
[spearheadproperties.local/wp-content/themes/bridge/js/plugins/jquery.waitforimages6c2d.js]
[spearheadproperties.local/wp-includes/js/jquery/jquery.form.minb2f9.js]
[spearheadproperties.local/wp-content/themes/bridge/js/plugins/waypoints.min6c2d.js]
[spearheadproperties.local/wp-content/themes/bridge/js/plugins/jplayer.min6c2d.js]
[spearheadproperties.local/wp-content/themes/bridge/js/plugins/bootstrap.carousel6c2d.js]
[spearheadproperties.local/wp-content/themes/bridge/js/plugins/skrollr6c2d.js]
[spearheadproperties.local/wp-content/themes/bridge/js/plugins/Chart.min6c2d.js]
[spearheadproperties.local/wp-content/themes/bridge/js/plugins/jquery.easing.1.36c2d.js]
[spearheadproperties.local/wp-content/themes/bridge/js/plugins/abstractBaseClass6c2d.js]
[spearheadproperties.local/wp-content/themes/bridge/js/plugins/jquery.countdown6c2d.js]
[spearheadproperties.local/wp-content/themes/bridge/js/plugins/jquery.multiscroll.min6c2d.js]
[spearheadproperties.local/wp-content/themes/bridge/js/plugins/jquery.justifiedGallery.min6c2d.js]
[spearheadproperties.local/wp-content/themes/bridge/js/plugins/jquery.sticky-kit.min6c2d.js]
[spearheadproperties.local/wp-content/themes/bridge/js/plugins/owl.carousel.min6c2d.js]
[spearheadproperties.local/wp-content/themes/bridge/js/plugins/typed6c2d.js]
[spearheadproperties.local/wp-content/themes/bridge/js/plugins/jquery.carouFredSel-6.2.1.min6c2d.js]
[spearheadproperties.local/wp-content/themes/bridge/js/plugins/lemmon-slider.min6c2d.js]
[spearheadproperties.local/wp-content/themes/bridge/js/plugins/jquery.fullPage.min6c2d.js]
[spearheadproperties.local/wp-content/themes/bridge/js/plugins/jquery.mousewheel.min6c2d.js]
[spearheadproperties.local/wp-content/themes/bridge/js/plugins/jquery.touchSwipe.min6c2d.js]
[spearheadproperties.local/wp-content/themes/bridge/js/plugins/jquery.isotope.min6c2d.js]
[spearheadproperties.local/wp-content/themes/bridge/js/plugins/packery-mode.pkgd.min6c2d.js]
[spearheadproperties.local/wp-content/themes/bridge/js/plugins/jquery.stretch6c2d.js]
[spearheadproperties.local/wp-content/themes/bridge/js/plugins/imagesloaded6c2d.js]
[spearheadproperties.local/wp-content/themes/bridge/js/plugins/rangeslider.min6c2d.js]
[spearheadproperties.local/wp-content/themes/bridge/js/plugins/jquery.event.move6c2d.js]
[spearheadproperties.local/wp-content/themes/bridge/js/plugins/jquery.twentytwenty6c2d.js]
[spearheadproperties.local/wp-content/plugins/elementor/assets/lib/swiper/v8/swiper.min94a4.js]
[spearheadproperties.local/wp-content/themes/bridge/js/default_dynamic0308.js]
[spearheadproperties.local/wp-content/themes/bridge/js/default.min6c2d.js]
[spearheadproperties.local/wp-includes/js/comment-reply.min6c2d.js]
[spearheadproperties.local/wp-content/plugins/js_composer/assets/js/dist/js_composer_front.min31dc.js]
[spearheadproperties.local/wp-content/themes/bridge/js/plugins/qode-like.min6c2d.js]
[spearheadproperties.local/wp-content/plugins/elementor/assets/js/webpack.runtime.mindabc.js]
[spearheadproperties.local/wp-content/plugins/elementor/assets/js/frontend-modules.mindabc.js]
[spearheadproperties.local/wp-content/plugins/elementor/assets/js/frontend.mindabc.js]
[spearheadproperties.local/wp-content/plugins/elementor-pro/assets/lib/sticky/jquery.sticky.min9e35.js]
[spearheadproperties.local/wp-content/plugins/unlimited-elements-for-elementor-premium/assets_libraries/fancybox3/jquery.fancybox.min9cf9.js]
[spearheadproperties.local/wp-content/uploads/ac_assets/smooth_scroll/lenis.min9cf9.js]
[spearheadproperties.local/wp-content/uploads/ac_assets/smooth_scroll/ScrollTrigger.min9cf9.js]
[spearheadproperties.local/wp-content/plugins/elementor-pro/assets/js/webpack-pro.runtime.min9e35.js]
[spearheadproperties.local/wp-includes/js/dist/hooks.min4fdd.js]
[spearheadproperties.local/wp-includes/js/dist/i18n.minc33c.js]
[spearheadproperties.local/wp-content/plugins/elementor-pro/assets/js/frontend.min9e35.js]
[spearheadproperties.local/index.html]
[spearheadproperties.local/xmlrpc.php]
[spearheadproperties.local/wp-content/plugins/elementor-pro/assets/js/elements-handlers.min9e35.js]
[spearheadproperties.local/wp-content/plugins/LayerSlider/assets/static/layerslider/img/icon-muted-white.png]
[spearheadproperties.local/wp-content/plugins/LayerSlider/assets/static/layerslider/css/layersliderd230.css]
[spearheadproperties.local/wp-content/plugins/LayerSlider/assets/static/layerslider/img/icon-unmuted-white.png]
[spearheadproperties.local/wp-content/plugins/chaty-pro/images/whatsapp.png]
[spearheadproperties.local/wp-content/plugins/chaty-pro/images/whatsapp-welcome-popup.png]
[spearheadproperties.local/wp-content/plugins/chaty-pro/images/header-bottom.png]
[spearheadproperties.local/wp-content/plugins/chaty-pro/css/chaty-front.min20a9.css]
[spearheadproperties.local/wp-content/plugins/revslider/public/css/sr72837.css]
[spearheadproperties.local/wp-includes/js/mediaelement/mediaelementplayer-legacy.min1f61.css]
[spearheadproperties.local/wp-includes/js/mediaelement/wp-mediaelement.min6c2d.css]
[spearheadproperties.local/wp-content/themes/bridge/style6c2d.css]
[spearheadproperties.local/wp-includes/js/mediaelement/mejs-controls.svg]
[spearheadproperties.local/wp-content/themes/bridge/css/font-awesome/fonts/fontawesome-webfont3e6e.woff]
[spearheadproperties.local/wp-content/themes/bridge/css/font-awesome/fonts/fontawesome-webfont3e6e.ttf]
[spearheadproperties.local/wp-content/themes/bridge/css/font-awesome/fonts/fontawesome-webfont3e6e.eot]
[spearheadproperties.local/wp-content/themes/bridge/css/font-awesome/fonts/fontawesome-webfontd41d.eot]
[spearheadproperties.local/wp-content/themes/bridge/css/font-awesome/css/font-awesome.min6c2d.css]
[spearheadproperties.local/wp-content/themes/bridge/css/font-awesome/fonts/fontawesome-webfont3e6e.svg]
[spearheadproperties.local/wp-content/themes/bridge/css/elegant-icons/fonts/ElegantIcons.eot]
[spearheadproperties.local/wp-content/themes/bridge/css/elegant-icons/style.min6c2d.css]
[spearheadproperties.local/wp-content/themes/bridge/css/elegant-icons/fonts/ElegantIcons.svg]
[spearheadproperties.local/wp-content/themes/bridge/css/elegant-icons/fonts/ElegantIconsd41d.eot]
[spearheadproperties.local/wp-content/themes/bridge/css/linea-icons/arrows/fonts/linea-arrows-10.woff]
[spearheadproperties.local/wp-content/themes/bridge/css/linea-icons/arrows/fonts/linea-arrows-10.ttf]
[spearheadproperties.local/wp-content/themes/bridge/css/linea-icons/arrows/fonts/linea-arrows-10.svg]
[spearheadproperties.local/wp-content/themes/bridge/css/linea-icons/basic/fonts/linea-basic-10.woff]
[spearheadproperties.local/wp-content/themes/bridge/css/linea-icons/basic/fonts/linea-basic-10.eot]
[spearheadproperties.local/wp-content/themes/bridge/css/linea-icons/basic/fonts/linea-basic-10.ttf]
[spearheadproperties.local/wp-content/themes/bridge/css/linea-icons/basic/fonts/linea-basic-10d41d.eot]
[spearheadproperties.local/wp-content/themes/bridge/css/linea-icons/basic/fonts/linea-basic-10.svg]
[spearheadproperties.local/wp-content/themes/bridge/css/linea-icons/basic-elaboration/fonts/linea-basic-elaboration-10.woff]
[spearheadproperties.local/wp-content/themes/bridge/css/linea-icons/basic-elaboration/fonts/linea-basic-elaboration-10.eot]
[spearheadproperties.local/wp-content/themes/bridge/css/linea-icons/basic-elaboration/fonts/linea-basic-elaboration-10.ttf]
[spearheadproperties.local/wp-content/themes/bridge/css/linea-icons/basic-elaboration/fonts/linea-basic-elaboration-10.svg]
[spearheadproperties.local/wp-content/themes/bridge/css/linea-icons/ecommerce/fonts/linea-ecommerce-10.woff]
[spearheadproperties.local/wp-content/themes/bridge/css/linea-icons/ecommerce/fonts/linea-ecommerce-10.eot]
[spearheadproperties.local/wp-content/themes/bridge/css/linea-icons/ecommerce/fonts/linea-ecommerce-10.ttf]
[spearheadproperties.local/wp-content/themes/bridge/css/linea-icons/ecommerce/fonts/linea-ecommerce-10d41d.eot]
[spearheadproperties.local/wp-content/themes/bridge/css/linea-icons/ecommerce/fonts/linea-ecommerce-10.svg]
[spearheadproperties.local/wp-content/themes/bridge/css/linea-icons/music/fonts/linea-music-10.eot]
[spearheadproperties.local/wp-content/themes/bridge/css/linea-icons/music/fonts/linea-music-10.ttf]
[spearheadproperties.local/wp-content/themes/bridge/css/linea-icons/music/fonts/linea-music-10d41d.eot]
[spearheadproperties.local/wp-content/themes/bridge/css/linea-icons/music/fonts/linea-music-10.svg]
[spearheadproperties.local/wp-content/themes/bridge/css/linea-icons/software/fonts/linea-software-10.woff]
[spearheadproperties.local/wp-content/themes/bridge/css/linea-icons/software/fonts/linea-software-10.ttf]
[spearheadproperties.local/wp-content/themes/bridge/css/linea-icons/software/fonts/linea-software-10.eot]
[spearheadproperties.local/wp-content/themes/bridge/css/linea-icons/software/fonts/linea-software-10.svg]
[spearheadproperties.local/wp-content/themes/bridge/css/linea-icons/software/fonts/linea-software-10d41d.eot]
[spearheadproperties.local/wp-content/themes/bridge/css/linea-icons/weather/fonts/linea-weather-10.woff]
[spearheadproperties.local/wp-content/themes/bridge/css/linea-icons/weather/fonts/linea-weather-10.eot]
[spearheadproperties.local/wp-content/themes/bridge/css/linea-icons/weather/fonts/linea-weather-10d41d.eot]
[spearheadproperties.local/wp-content/themes/bridge/css/linea-icons/weather/fonts/linea-weather-10.ttf]
[spearheadproperties.local/wp-content/themes/bridge/css/linea-icons/style6c2d.css]
[spearheadproperties.local/wp-content/themes/bridge/css/linea-icons/weather/fonts/linea-weather-10.svg]
[spearheadproperties.local/wp-content/themes/bridge/css/dripicons/fonts/dripicons-v2.woff]
[spearheadproperties.local/wp-content/themes/bridge/css/dripicons/fonts/dripicons-v2.ttf]
[spearheadproperties.local/wp-content/themes/bridge/css/dripicons/fonts/dripicons-v2.svg]
[spearheadproperties.local/wp-content/themes/bridge/css/dripicons/fonts/dripicons-v2.eot]
[spearheadproperties.local/wp-content/themes/bridge/css/dripicons/dripicons6c2d.css]
[spearheadproperties.local/wp-content/themes/bridge/css/kiko/webfonts/fontkikolight.woff2]
[spearheadproperties.local/wp-content/themes/bridge/css/kiko/webfonts/fontkikolight.otf]
[spearheadproperties.local/wp-content/themes/bridge/css/dripicons/fonts/dripicons-v2d41d.eot]
[spearheadproperties.local/wp-content/themes/bridge/css/kiko/webfonts/fontkikoreg.woff2]
[spearheadproperties.local/wp-content/themes/bridge/css/kiko/webfonts/fontkikoreg.eot]
[spearheadproperties.local/wp-content/themes/bridge/css/kiko/webfonts/fontkikosolid.woff2]
[spearheadproperties.local/wp-content/themes/bridge/css/kiko/webfonts/fontkikoreg.svg]
[spearheadproperties.local/wp-content/themes/bridge/css/kiko/webfonts/fontkikosolid.otf]
[spearheadproperties.local/wp-content/themes/bridge/css/kiko/kiko-all6c2d.css]
[spearheadproperties.local/wp-content/themes/bridge/css/font-awesome-5/webfonts/fa-brands-400.woff2]
[spearheadproperties.local/wp-content/themes/bridge/css/font-awesome-5/webfonts/fa-brands-400.woff]
[spearheadproperties.local/wp-content/themes/bridge/css/font-awesome-5/webfonts/fa-brands-400.svg]
[spearheadproperties.local/wp-content/themes/bridge/css/font-awesome-5/webfonts/fa-regular-400.woff2]
[spearheadproperties.local/wp-content/themes/bridge/css/font-awesome-5/webfonts/fa-brands-400.eot]
[spearheadproperties.local/wp-content/themes/bridge/css/font-awesome-5/webfonts/fa-regular-400.woff]
[spearheadproperties.local/wp-content/themes/bridge/css/font-awesome-5/webfonts/fa-regular-400d41d.eot]
[spearheadproperties.local/wp-content/themes/bridge/css/font-awesome-5/webfonts/fa-regular-400.svg]
[spearheadproperties.local/wp-content/themes/bridge/css/font-awesome-5/webfonts/fa-solid-900.woff]
[spearheadproperties.local/wp-content/themes/bridge/css/font-awesome-5/webfonts/fa-solid-900.ttf]
[spearheadproperties.local/wp-content/themes/bridge/css/font-awesome-5/webfonts/fa-solid-900.eot]
[spearheadproperties.local/wp-content/themes/bridge/css/font-awesome-5/css/font-awesome-5.min6c2d.css]
[spearheadproperties.local/wp-content/themes/bridge/css/img/pixel-video.png]
[spearheadproperties.local/wp-content/themes/bridge/css/img/box_image_shadow.png]
[spearheadproperties.local/wp-content/themes/bridge/css/font-awesome-5/webfonts/fa-solid-900d41d.eot]
[spearheadproperties.local/wp-content/themes/bridge/css/img/portfolio_list_button_hover.png]
[spearheadproperties.local/wp-content/themes/bridge/css/font-awesome-5/webfonts/fa-solid-900.svg]
[spearheadproperties.local/wp-content/themes/bridge/css/img/portfolio_list_button@1_5x.png]
[spearheadproperties.local/wp-content/themes/bridge/css/img/portfolio_list_button_hover@1_5x.png]
[spearheadproperties.local/wp-content/themes/bridge/css/img/portfolio_list_button@2x.png]
[spearheadproperties.local/wp-content/themes/bridge/css/img/portfolio_list_button_hover@2x.png]
[spearheadproperties.local/wp-content/themes/bridge/css/img/button-bg-px.png]
[spearheadproperties.local/wp-content/themes/bridge/css/img/cursor_plus.cur]
[spearheadproperties.local/wp-content/themes/bridge/css/img/plus.png]
[spearheadproperties.local/wp-content/themes/bridge/css/img/minus.png]
[spearheadproperties.local/wp-content/themes/bridge/css/img/plus@1_5x.png]
[spearheadproperties.local/wp-content/themes/bridge/css/img/minus@1_5x.png]
[spearheadproperties.local/wp-content/themes/bridge/css/img/plus@2x.png]
[spearheadproperties.local/wp-content/themes/bridge/css/img/minus@2x.png]
[spearheadproperties.local/wp-content/themes/bridge/css/img/close_side_menu.png]
[spearheadproperties.local/wp-content/themes/bridge/css/img/close_side_menu@2x.png]
[spearheadproperties.local/wp-content/themes/bridge/css/img/close_side_menu_dark.png]
[spearheadproperties.local/wp-content/themes/bridge/css/img/close_side_menu_dark@2x.png]
[spearheadproperties.local/wp-content/themes/bridge/css/img/prettyPhoto/sprite.png]
[spearheadproperties.local/wp-content/themes/bridge/css/img/prettyPhoto/sprite_x.png]
[spearheadproperties.local/wp-content/themes/bridge/css/img/prettyPhoto/sprite_y.png]
[spearheadproperties.local/wp-content/themes/bridge/css/img/prettyPhoto/sprite_next.png]
[spearheadproperties.local/wp-content/themes/bridge/css/img/prettyPhoto/sprite_prev.png]
[spearheadproperties.local/wp-content/themes/bridge/css/img/prettyPhoto/default_thumb.png]
[spearheadproperties.local/wp-content/themes/bridge/css/img/prettyPhoto/loader.gif]
[spearheadproperties.local/wp-content/themes/bridge/images/prettyPhoto/facebook/default_thumbnail.gif]
[spearheadproperties.local/wp-content/themes/bridge/css/img/audio/controls.png]
[spearheadproperties.local/wp-content/themes/bridge/css/img/audio/play.png]
[spearheadproperties.local/wp-content/themes/bridge/css/img/audio/pause.png]
[spearheadproperties.local/wp-content/themes/bridge/css/img/audio/stop.png]
[spearheadproperties.local/wp-content/themes/bridge/css/img/audio/sound.png]
[spearheadproperties.local/wp-content/themes/bridge/css/img/audio/mute.png]
[spearheadproperties.local/wp-content/themes/bridge/css/img/wc_select_arrow.png]
[spearheadproperties.local/wp-content/themes/bridge/css/img/wc_select_arrow_footer.png]
[spearheadproperties.local/wp-content/themes/bridge/css/img/frame_arrow_right.png]
[spearheadproperties.local/wp-content/themes/bridge/css/img/frame_arrow_right_hover.png]
[spearheadproperties.local/wp-content/themes/bridge/css/img/frame_arrow_left.png]
[spearheadproperties.local/wp-content/themes/bridge/css/img/frame_arrow_left_hover.png]
[spearheadproperties.local/wp-content/themes/bridge/css/img/frame_arrow_left@1_5x.png]
[spearheadproperties.local/wp-content/themes/bridge/css/img/frame_arrow_left_hover@1_5x.png]
[spearheadproperties.local/wp-content/themes/bridge/css/img/frame_arrow_right@1_5x.png]
[spearheadproperties.local/wp-content/themes/bridge/css/img/frame_arrow_right_hover@1_5x.png]
[spearheadproperties.local/wp-content/themes/bridge/css/img/frame_arrow_left@2x.png]
[spearheadproperties.local/wp-content/themes/bridge/css/img/frame_arrow_left_hover@2x.png]
[spearheadproperties.local/wp-content/themes/bridge/css/img/frame_arrow_right@2x.png]
[spearheadproperties.local/wp-content/themes/bridge/css/img/frame_arrow_right_hover@2x.png]
[spearheadproperties.local/wp-content/themes/bridge/css/img/content_menu_arrow.png]
[spearheadproperties.local/wp-content/themes/bridge/css/img/vertical_menu_cross.png]
[spearheadproperties.local/wp-content/themes/bridge/css/img/vertical_menu_minus.png]
[spearheadproperties.local/wp-content/themes/bridge/css/img/vertical_menu_cross_white.png]
[spearheadproperties.local/wp-content/themes/bridge/css/img/vertical_menu_minus_white.png]
[spearheadproperties.local/wp-content/themes/bridge/css/img/vertical_menu_cross_black.png]
[spearheadproperties.local/wp-content/themes/bridge/css/img/vertical_menu_minus_black.png]
[spearheadproperties.local/wp-content/themes/bridge/css/img/vertical_menu_cross@1_5x.png]
[spearheadproperties.local/wp-content/themes/bridge/css/img/vertical_menu_minus@1_5x.png]
[spearheadproperties.local/wp-content/themes/bridge/css/img/vertical_menu_cross_white@1_5x.png]
[spearheadproperties.local/wp-content/themes/bridge/css/img/vertical_menu_minus_white@1_5x.png]
[spearheadproperties.local/wp-content/themes/bridge/css/img/vertical_menu_cross_black@1_5x.png]
[spearheadproperties.local/wp-content/themes/bridge/css/img/vertical_menu_minus_black@1_5x.png]
[spearheadproperties.local/wp-content/themes/bridge/css/img/vertical_menu_cross@2x.png]
[spearheadproperties.local/wp-content/themes/bridge/css/img/vertical_menu_minus@2x.png]
[spearheadproperties.local/wp-content/themes/bridge/css/img/vertical_menu_cross_white@2x.png]
[spearheadproperties.local/wp-content/themes/bridge/css/img/vertical_menu_minus_white@2x.png]
[spearheadproperties.local/wp-content/themes/bridge/css/img/vertical_menu_cross_black@2x.png]
[spearheadproperties.local/wp-content/themes/bridge/css/img/vertical_menu_minus_black@2x.png]
[spearheadproperties.local/wp-content/themes/bridge/css/img/mds-phone-top.png]
[spearheadproperties.local/wp-content/themes/bridge/css/stylesheet.min6c2d.css]
[spearheadproperties.local/wp-content/themes/bridge/css/print6c2d.css]
[spearheadproperties.local/wp-content/themes/bridge/css/responsive.min6c2d.css]
[spearheadproperties.local/wp-content/themes/bridge/css/style_dynamic_responsive0308.css]
[spearheadproperties.local/wp-content/themes/bridge/css/style_dynamic0308.css]
[spearheadproperties.local/wp-content/plugins/js_composer/assets/vc/info.png]
[spearheadproperties.local/wp-content/plugins/js_composer/assets/vc/tick.png]
[spearheadproperties.local/wp-content/plugins/js_composer/assets/vc/exclamation.png]
[spearheadproperties.local/wp-content/plugins/js_composer/assets/images/icons/address-book.png]
[spearheadproperties.local/wp-content/plugins/js_composer/assets/images/icons/alarm-clock.png]
[spearheadproperties.local/wp-content/plugins/js_composer/assets/images/icons/anchor.png]
[spearheadproperties.local/wp-content/plugins/js_composer/assets/images/icons/application-image.png]
[spearheadproperties.local/wp-content/plugins/js_composer/assets/images/icons/arrow.png]
[spearheadproperties.local/wp-content/plugins/js_composer/assets/images/icons/asterisk.png]
[spearheadproperties.local/wp-content/plugins/js_composer/assets/images/icons/auction-hammer.png]
[spearheadproperties.local/wp-content/plugins/js_composer/assets/images/icons/balloon.png]
[spearheadproperties.local/wp-content/plugins/js_composer/assets/images/icons/balloon-buzz.png]
[spearheadproperties.local/wp-content/plugins/js_composer/assets/images/icons/balloon-facebook.png]
[spearheadproperties.local/wp-content/plugins/js_composer/assets/images/icons/balloon-twitter.png]
[spearheadproperties.local/wp-content/plugins/js_composer/assets/images/icons/battery-full.png]
[spearheadproperties.local/wp-content/plugins/js_composer/assets/images/icons/binocular.png]
[spearheadproperties.local/wp-content/plugins/js_composer/assets/images/icons/blue-document-excel.png]
[spearheadproperties.local/wp-content/plugins/js_composer/assets/images/icons/blue-document-image.png]
[spearheadproperties.local/wp-content/plugins/js_composer/assets/images/icons/blue-document-music.png]
[spearheadproperties.local/wp-content/plugins/js_composer/assets/images/icons/blue-document-office.png]
[spearheadproperties.local/wp-content/plugins/js_composer/assets/images/icons/blue-document-pdf.png]
[spearheadproperties.local/wp-content/plugins/js_composer/assets/images/icons/blue-document-powerpoint.png]
[spearheadproperties.local/wp-content/plugins/js_composer/assets/images/icons/blue-document-word.png]
[spearheadproperties.local/wp-content/plugins/js_composer/assets/images/icons/bookmark.png]
[spearheadproperties.local/wp-content/plugins/js_composer/assets/images/icons/camcorder.png]
[spearheadproperties.local/wp-content/plugins/js_composer/assets/images/icons/camera.png]
[spearheadproperties.local/wp-content/plugins/js_composer/assets/images/icons/chart.png]
[spearheadproperties.local/wp-content/plugins/js_composer/assets/images/icons/chart-pie.png]
[spearheadproperties.local/wp-content/plugins/js_composer/assets/images/icons/clock.png]
[spearheadproperties.local/wp-content/plugins/js_composer/assets/images/icons/control.png]
[spearheadproperties.local/wp-content/plugins/js_composer/assets/images/icons/fire.png]
[spearheadproperties.local/wp-content/plugins/js_composer/assets/images/icons/heart.png]
[spearheadproperties.local/wp-content/plugins/js_composer/assets/images/icons/mail.png]
[spearheadproperties.local/wp-content/plugins/js_composer/assets/images/icons/plus-shield.png]
[spearheadproperties.local/wp-content/plugins/js_composer/assets/images/icons/video.png]
[spearheadproperties.local/wp-content/plugins/js_composer/assets/fonts/vc_icons_v2/fonts/vcpb-plugin-iconsb82a.eot]
[spearheadproperties.local/wp-content/plugins/js_composer/assets/fonts/vc_icons_v2/fonts/vcpb-plugin-iconsb82a.ttf]
[spearheadproperties.local/wp-content/plugins/js_composer/assets/fonts/vc_icons_v2/fonts/vcpb-plugin-iconsb82a.woff]
[spearheadproperties.local/wp-content/plugins/js_composer/assets/fonts/vc_icons_v2/fonts/vcpb-plugin-iconsb82a.svg]
[spearheadproperties.local/wp-content/plugins/js_composer/assets/images/toggle_close.png]
[spearheadproperties.local/wp-content/plugins/js_composer/assets/images/flickr.png]
[spearheadproperties.local/wp-content/plugins/js_composer/assets/fonts/vc_grid/vc_grid_v157a1.eot]
[spearheadproperties.local/wp-content/plugins/js_composer/assets/fonts/vc_grid/vc_grid_v1d41d.eot]
[spearheadproperties.local/wp-content/plugins/js_composer/assets/fonts/vc_grid/vc_grid_v157a1.woff]
[spearheadproperties.local/wp-content/plugins/js_composer/assets/fonts/vc_grid/vc_grid_v157a1.ttf]
[spearheadproperties.local/wp-content/plugins/js_composer/assets/fonts/vc_grid/vc_grid_v157a1.svg]
[spearheadproperties.local/wp-content/plugins/js_composer/assets/images/spinner.gif]
[spearheadproperties.local/wp-content/plugins/js_composer/assets/vc/remove.png]
[spearheadproperties.local/wp-content/plugins/js_composer/assets/css/js_composer.min31dc.css]
[spearheadproperties.local/wp-content/plugins/bridge-core/modules/core-dashboard/assets/css/core-dashboard.min6c2d.css]
[spearheadproperties.local/wp-content/themes/bridge-child/style6c2d.css]
[spearheadproperties.local/wp-content/plugins/elementor/assets/css/frontend.mindabc.css]
[spearheadproperties.local/wp-content/uploads/elementor/css/post-59d49.css]
[spearheadproperties.local/wp-content/plugins/elementor/assets/css/widget-heading.mindabc.css]
[spearheadproperties.local/wp-content/plugins/elementor/assets/css/widget-image.mindabc.css]
[spearheadproperties.local/wp-content/plugins/elementor/assets/css/widget-icon-box.mindabc.css]
[spearheadproperties.local/wp-content/plugins/elementor-pro/assets/css/widget-flip-box.min9e35.css]
[spearheadproperties.local/wp-content/uploads/elementor/css/post-7a2c1.css]
[spearheadproperties.local/wp-content/themes/bridge/style.css]
[spearheadproperties.local/wp-content/uploads/elementor/google-fonts/fonts/roboto-kfo5cnqeu92fr1mu53zec9_vu3r1gihoszmkc3kawzu.woff2]
[spearheadproperties.local/wp-content/uploads/elementor/google-fonts/fonts/roboto-kfo5cnqeu92fr1mu53zec9_vu3r1gihoszmkankawzu.woff2]
[spearheadproperties.local/wp-content/uploads/elementor/google-fonts/fonts/roboto-kfo5cnqeu92fr1mu53zec9_vu3r1gihoszmkcnkawzu.woff2]
[spearheadproperties.local/wp-content/uploads/elementor/google-fonts/fonts/roboto-kfo5cnqeu92fr1mu53zec9_vu3r1gihoszmkbxkawzu.woff2]
[spearheadproperties.local/wp-content/uploads/elementor/google-fonts/fonts/roboto-kfo5cnqeu92fr1mu53zec9_vu3r1gihoszmkenkawzu.woff2]
[spearheadproperties.local/wp-content/uploads/elementor/google-fonts/fonts/roboto-kfo5cnqeu92fr1mu53zec9_vu3r1gihoszmkahkawzu.woff2]
[spearheadproperties.local/wp-content/uploads/elementor/google-fonts/fonts/roboto-kfo5cnqeu92fr1mu53zec9_vu3r1gihoszmkcxkawzu.woff2]
[spearheadproperties.local/wp-content/uploads/elementor/google-fonts/fonts/roboto-kfo5cnqeu92fr1mu53zec9_vu3r1gihoszmkbnka.woff2]
[spearheadproperties.local/wp-content/uploads/elementor/google-fonts/fonts/roboto-kfo7cnqeu92fr1me7ksn66agldtyluama3gubgee.woff2]
[spearheadproperties.local/wp-content/uploads/elementor/google-fonts/fonts/roboto-kfo7cnqeu92fr1me7ksn66agldtyluama3cubgee.woff2]
[spearheadproperties.local/wp-content/uploads/elementor/google-fonts/fonts/roboto-kfo7cnqeu92fr1me7ksn66agldtyluama3-ubgee.woff2]
[spearheadproperties.local/wp-content/uploads/elementor/google-fonts/fonts/roboto-kfo7cnqeu92fr1me7ksn66agldtyluamaxkubgee.woff2]
[spearheadproperties.local/wp-content/uploads/elementor/google-fonts/fonts/roboto-kfo7cnqeu92fr1me7ksn66agldtyluama3oubgee.woff2]
[spearheadproperties.local/wp-content/uploads/elementor/google-fonts/css/robotoa7c6.css]
[spearheadproperties.local/wp-content/uploads/elementor/google-fonts/fonts/robotoslab-bngmuxzytxpivibgjjsb6ufa5qw54a.woff2]
[spearheadproperties.local/wp-content/uploads/elementor/google-fonts/fonts/robotoslab-bngmuxzytxpivibgjjsb6ufj5qw54a.woff2]
[spearheadproperties.local/wp-content/uploads/elementor/google-fonts/fonts/robotoslab-bngmuxzytxpivibgjjsb6ufb5qw54a.woff2]
[spearheadproperties.local/wp-content/uploads/elementor/google-fonts/fonts/robotoslab-bngmuxzytxpivibgjjsb6ufo5qw54a.woff2]
[spearheadproperties.local/wp-content/uploads/elementor/google-fonts/fonts/robotoslab-bngmuxzytxpivibgjjsb6ufc5qw54a.woff2]
[spearheadproperties.local/wp-content/uploads/elementor/google-fonts/fonts/robotoslab-bngmuxzytxpivibgjjsb6ufd5qw54a.woff2]
[spearheadproperties.local/wp-content/uploads/elementor/google-fonts/css/robotoslabef38.css]
[spearheadproperties.local/wp-content/uploads/elementor/google-fonts/fonts/robotoslab-bngmuxzytxpivibgjjsb6ufn5qu.woff2]
[spearheadproperties.local/wp-content/uploads/elementor/google-fonts/fonts/cormorantgaramond-co3zmx5slcnuhli8bley9mk7whwmhyjyretmmsq17w.woff2]
[spearheadproperties.local/wp-content/uploads/elementor/google-fonts/fonts/cormorantgaramond-co3zmx5slcnuhli8bley9mk7whwmhyjyretgmsq17w.woff2]
[spearheadproperties.local/wp-content/uploads/elementor/google-fonts/fonts/cormorantgaramond-co3bmx5slcnuhli8bley9mk7whwmhyjyphtkgs4.woff2]
[spearheadproperties.local/wp-content/uploads/elementor/google-fonts/fonts/cormorantgaramond-co3bmx5slcnuhli8bley9mk7whwmhyjypntkgs4.woff2]
[spearheadproperties.local/wp-content/uploads/elementor/google-fonts/fonts/cormorantgaramond-co3bmx5slcnuhli8bley9mk7whwmhyjyqxtk.woff2]
[spearheadproperties.local/wp-content/uploads/elementor/google-fonts/css/cormorantgaramondaae5.css]
[spearheadproperties.local/wp-content/uploads/elementor/google-fonts/fonts/cinzel-8vij7ww63mvu7gt7-gt7lec.woff2]
[spearheadproperties.local/wp-content/uploads/elementor/google-fonts/css/cinzela103.css]
[spearheadproperties.local/wp-content/uploads/elementor/google-fonts/fonts/cormorant-h4cjbxocl9bbnla_nhiq6qu7oqooag.woff2]
[spearheadproperties.local/wp-content/uploads/elementor/google-fonts/fonts/cormorant-h4cjbxocl9bbnla_nhiq6quwoqooag.woff2]
[spearheadproperties.local/wp-content/uploads/elementor/google-fonts/fonts/cormorant-h4cjbxocl9bbnla_nhiq6quxoqooag.woff2]
[spearheadproperties.local/wp-content/uploads/elementor/google-fonts/fonts/cormorant-h4cjbxocl9bbnla_nhiq6qu_oqm.woff2]
[spearheadproperties.local/wp-content/uploads/elementor/google-fonts/fonts/cormorant-h4clbxocl9bbnla_nhiq4ju9uqc.woff2]
[spearheadproperties.local/wp-content/uploads/elementor/google-fonts/fonts/cormorant-h4clbxocl9bbnla_nhiq4zu9uqc.woff2]
[spearheadproperties.local/wp-content/uploads/elementor/google-fonts/css/cormorante4d4.css]
[spearheadproperties.local/wp-includes/js/jquery/jquery.minf43b.js]
[spearheadproperties.local/wp-includes/js/jquery/jquery-migrate.min5589.js]
[spearheadproperties.local/wp-content/plugins/LayerSlider/assets/static/layerslider/js/layerslider.utilsd230.js]
[spearheadproperties.local/Version/index.html]
[spearheadproperties.local/68/dD/index.html]
[spearheadproperties.local/8y.ps]
[spearheadproperties.local/wp-content/plugins/LayerSlider/assets/static/layerslider/js/layerslider.kreaturamedia.jqueryd230.js]
[spearheadproperties.local/wp-content/plugins/LayerSlider/assets/static/layerslider/js/layerslider.transitionsd230.js]
[spearheadproperties.local/42/index.html]
[spearheadproperties.local/GET.181.delayed]
[spearheadproperties.local/public/assets/assets/svg/index.html]
[spearheadproperties.local/31/index.html]
[spearheadproperties.local/public/assets/svg/index.html]
[spearheadproperties.local/wp-content/plugins/revslider/public/js/libs/tptools2837.js]
[spearheadproperties.local/public/assets/assets/sources/index.html]
[spearheadproperties.local/public/assets/sources/index.html]
[spearheadproperties.local/window.location.href]
[spearheadproperties.local/c,window.location.href]
[spearheadproperties.local/wp-content/plugins/revslider/public/js/sr72837.js]
[spearheadproperties.local/wp-admin/admin-ajax.html]
[spearheadproperties.local/revslider/revslider.html]
[spearheadproperties.local/wp-content/plugins/index.html]
[spearheadproperties.local/wp-content/plugins/revslider/index.html]
[spearheadproperties.local/wp-content/plugins/elementor/assets/css/widget-counter.mindabc.css]
[spearheadproperties.local/wp-content/plugins/elementor/assets/css/widget-nested-accordion.mindabc.css]
[spearheadproperties.local/wp-content/uploads/elementor/css/post-686f3da.css]
[spearheadproperties.local/wp-json/wp/v2/pages/686.json]
[spearheadproperties.local/wp-json/oembed/1.0/embed7569]
[spearheadproperties.local/ellington/revslider/revslider.php]
[spearheadproperties.local/ellington/indexa9a6.html]
[spearheadproperties.local/wp-content/plugins/elementor/assets/lib/jquery-numerator/jquery-numerator.min3958.js]
[spearheadproperties.local/wp-content/plugins/elementor/assets/lib/animations/styles/slideInRight.mindabc.css]
[spearheadproperties.local/wp-content/plugins/elementor/assets/css/widget-google_maps.mindabc.css]
[spearheadproperties.local/wp-content/uploads/elementor/css/post-1442ee9.css]
[spearheadproperties.local/wp-json/wp/v2/pages/144.json]
[spearheadproperties.local/wp-json/oembed/1.0/embed4a09.json]
[spearheadproperties.local/wp-json/oembed/1.0/embedf72e]
[spearheadproperties.local/contact/revslider/revslider.php]
[spearheadproperties.local/contact/index.html]
[spearheadproperties.local/wp-content/uploads/elementor/css/post-7214bf2.css]
[assets.calendly.com/assets/external/widget.js]
[spearheadproperties.local/wp-json/wp/v2/pages/721.json]
[spearheadproperties.local/wp-json/oembed/1.0/embed6c19.json]
[spearheadproperties.local/wp-json/oembed/1.0/embed8c42]
[spearheadproperties.local/tools/revslider/revslider.php]
[spearheadproperties.local/tools/index.html]
[spearheadproperties.local/wp-content/plugins/unlimited-elements-for-elementor-premium/assets_libraries/fancybox3/jquery.fancybox.min.css]
[spearheadproperties.local/wp-content/uploads/elementor/css/post-667b83e.css]
[spearheadproperties.local/wp-json/wp/v2/pages/667.json]
[spearheadproperties.local/wp-json/oembed/1.0/embed1f5c.json]
[spearheadproperties.local/wp-json/oembed/1.0/embede6cb]
[spearheadproperties.local/sobha/revslider/revslider.php]
[spearheadproperties.local/sobha/index.html]
[spearheadproperties.local/wp-content/uploads/elementor/css/post-703204c.css]
[spearheadproperties.local/wp-json/wp/v2/pages/703.json]
[spearheadproperties.local/wp-json/oembed/1.0/embed689c.json]
[spearheadproperties.local/wp-json/oembed/1.0/embeda421]
[spearheadproperties.local/binghatti/revslider/revslider.php]
[spearheadproperties.local/binghatti/index.html]
[spearheadproperties.local/ellington/index.html]
[spearheadproperties.local/wp-content/uploads/elementor/css/post-6816481.css]
[spearheadproperties.local/wp-json/wp/v2/pages/681.json]
[spearheadproperties.local/wp-json/oembed/1.0/embedd4c0.json]
[spearheadproperties.local/emaar/revslider/revslider.php]
[spearheadproperties.local/emaar/index.html]
[spearheadproperties.local/wp-content/uploads/elementor/css/post-676695b.css]
[spearheadproperties.local/damac/index.html]
[spearheadproperties.local/wp-json/wp/v2/pages/676.json]
[spearheadproperties.local/wp-json/oembed/1.0/embed74ff.json]
[spearheadproperties.local/wp-json/oembed/1.0/embed66d8]
[spearheadproperties.local/omniyat/revslider/revslider.php]
[spearheadproperties.local/omniyat/index.html]
[spearheadproperties.local/wp-content/uploads/elementor/css/post-693ffa3.css]
[spearheadproperties.local/wp-json/wp/v2/pages/693.json]
[spearheadproperties.local/wp-json/oembed/1.0/embed4215.json]
[spearheadproperties.local/deyaar/revslider/revslider.php]
[spearheadproperties.local/deyaar/index.html]
[spearheadproperties.local/wp-content/uploads/elementor/css/post-642bd1e.css]
[spearheadproperties.local/wp-json/wp/v2/pages/642.json]
[spearheadproperties.local/wp-json/oembed/1.0/embed51cc.json]
[spearheadproperties.local/wp-json/oembed/1.0/embedcdb7]
[spearheadproperties.local/nakheel/revslider/revslider.php]
[spearheadproperties.local/nakheel/index.html]
[spearheadproperties.local/wp-content/uploads/elementor/css/post-708d506.css]
[spearheadproperties.local/wp-json/wp/v2/pages/708.json]
[spearheadproperties.local/wp-json/oembed/1.0/embed2dce.json]
[spearheadproperties.local/aldaar/revslider/revslider.php]
[spearheadproperties.local/aldaar/index.html]
[spearheadproperties.local/wp-content/plugins/unlimited-elements-for-elementor-premium/assets_libraries/font-awesome6/fa-brands-400.woff2]
[spearheadproperties.local/wp-content/plugins/unlimited-elements-for-elementor-premium/assets_libraries/font-awesome6/fa-brands-400.ttf]
[spearheadproperties.local/wp-content/plugins/unlimited-elements-for-elementor-premium/assets_libraries/font-awesome6/fa-regular-400.woff2]
[spearheadproperties.local/wp-content/plugins/unlimited-elements-for-elementor-premium/assets_libraries/font-awesome6/fa-regular-400.ttf]
[spearheadproperties.local/wp-content/plugins/unlimited-elements-for-elementor-premium/assets_libraries/font-awesome6/fa-solid-900.ttf]
[spearheadproperties.local/wp-content/plugins/unlimited-elements-for-elementor-premium/assets_libraries/font-awesome6/fa-v4compatibility.ttf]
[spearheadproperties.local/wp-content/plugins/unlimited-elements-for-elementor-premium/assets_libraries/font-awesome6/fontawesome-all.min.css]
[spearheadproperties.local/wp-content/plugins/unlimited-elements-for-elementor-premium/assets_libraries/font-awesome6/fontawesome-v4-shims.min.css]
[cdnjs.cloudflare.com/ajax/libs/font-awesome/6.5.0/css/all.min.css]
[spearheadproperties.local/wp-content/plugins/elementor-pro/assets/css/modules/motion-fx.min9e35.css]
[spearheadproperties.local/wp-content/plugins/elementor-pro/assets/css/modules/sticky.min9e35.css]
[www.google.com/recaptcha/apifa77.js]
[www.google.com/recaptcha/apicc72.js]
[spearheadproperties.local/wp-content/plugins/chaty-pro/js/cht-front-script.min20a9.js]
[spearheadproperties.local/wp-content/plugins/chaty-pro/js/picmo-umd.mind617.js]
[spearheadproperties.local/wp-includes/js/jquery/ui/core.minb37e.js]
[spearheadproperties.local/wp-includes/js/jquery/ui/accordion.minb37e.js]
[spearheadproperties.local/wp-includes/js/jquery/ui/tabs.minb37e.js]
[spearheadproperties.local/wp-content/themes/bridge/js/plugins/doubletaptogo6c2d.js]
[spearheadproperties.local/wp-content/themes/bridge/js/plugins/modernizr.min6c2d.js]
[spearheadproperties.local/wp-content/themes/bridge/js/plugins/jquery.appear6c2d.js]
[spearheadproperties.local/wp-includes/js/hoverIntent.min3e5a.js]
[spearheadproperties.local/wp-content/themes/bridge/js/plugins/counter6c2d.js]
[spearheadproperties.local/wp-content/themes/bridge/js/plugins/easypiechart6c2d.js]
[spearheadproperties.local/wp-content/themes/bridge/js/plugins/mixitup6c2d.js]
[spearheadproperties.local/wp-content/themes/bridge/js/plugins/jquery.prettyPhoto6c2d.js]
[spearheadproperties.local/wp-content/themes/bridge/js/plugins/jquery.fitvids6c2d.js]
[spearheadproperties.local/wp-content/themes/bridge/js/plugins/jquery.flexslider-min6c2d.js]
[spearheadproperties.local/wp-includes/js/mediaelement/mediaelement-and-player.min1f61.js]
[spearheadproperties.local/wp-includes/js/mediaelement/mediaelement-migrate.min6c2d.js]
[spearheadproperties.local/wp-includes/js/mediaelement/wp-mediaelement.min6c2d.js]
[spearheadproperties.local/wp-content/themes/bridge/js/plugins/infinitescroll.min6c2d.js]
[spearheadproperties.local/wp-content/themes/bridge/js/plugins/jquery.waitforimages6c2d.js]
[spearheadproperties.local/wp-includes/js/jquery/jquery.form.minb2f9.js]
[spearheadproperties.local/wp-content/themes/bridge/js/plugins/waypoints.min6c2d.js]
[spearheadproperties.local/wp-content/themes/bridge/js/plugins/jplayer.min6c2d.js]
[spearheadproperties.local/wp-content/themes/bridge/js/plugins/bootstrap.carousel6c2d.js]
[spearheadproperties.local/wp-content/themes/bridge/js/plugins/skrollr6c2d.js]
[spearheadproperties.local/wp-content/themes/bridge/js/plugins/Chart.min6c2d.js]
[spearheadproperties.local/wp-content/themes/bridge/js/plugins/jquery.easing.1.36c2d.js]
[spearheadproperties.local/wp-content/themes/bridge/js/plugins/abstractBaseClass6c2d.js]
[spearheadproperties.local/wp-content/themes/bridge/js/plugins/jquery.countdown6c2d.js]
[spearheadproperties.local/wp-content/themes/bridge/js/plugins/jquery.multiscroll.min6c2d.js]
[spearheadproperties.local/wp-content/themes/bridge/js/plugins/jquery.justifiedGallery.min6c2d.js]
[spearheadproperties.local/wp-content/themes/bridge/js/plugins/jquery.sticky-kit.min6c2d.js]
[spearheadproperties.local/wp-content/themes/bridge/js/plugins/owl.carousel.min6c2d.js]
[spearheadproperties.local/wp-content/themes/bridge/js/plugins/typed6c2d.js]
[spearheadproperties.local/wp-content/themes/bridge/js/plugins/jquery.carouFredSel-6.2.1.min6c2d.js]
[spearheadproperties.local/wp-content/themes/bridge/js/plugins/lemmon-slider.min6c2d.js]
[spearheadproperties.local/wp-content/themes/bridge/js/plugins/jquery.fullPage.min6c2d.js]
[spearheadproperties.local/wp-content/themes/bridge/js/plugins/jquery.mousewheel.min6c2d.js]
[spearheadproperties.local/wp-content/themes/bridge/js/plugins/jquery.touchSwipe.min6c2d.js]
[spearheadproperties.local/wp-content/themes/bridge/js/plugins/jquery.isotope.min6c2d.js]
[spearheadproperties.local/wp-content/themes/bridge/js/plugins/packery-mode.pkgd.min6c2d.js]
[spearheadproperties.local/wp-content/themes/bridge/js/plugins/jquery.stretch6c2d.js]
[spearheadproperties.local/wp-content/themes/bridge/js/plugins/imagesloaded6c2d.js]
[spearheadproperties.local/wp-content/themes/bridge/js/plugins/rangeslider.min6c2d.js]
[spearheadproperties.local/wp-content/themes/bridge/js/plugins/jquery.event.move6c2d.js]
[spearheadproperties.local/wp-content/themes/bridge/js/plugins/jquery.twentytwenty6c2d.js]
[spearheadproperties.local/wp-content/themes/bridge/js/plugins/bigtext6c2d.js]
[spearheadproperties.local/l]
[spearheadproperties.local/t.params.url]
[spearheadproperties.local/wp-content/plugins/elementor/assets/lib/swiper/v8/swiper.min94a4.js]
[spearheadproperties.local/wp-content/themes/bridge/js/default_dynamic0308.js]
[spearheadproperties.local/wp-content/themes/bridge/js/default.min6c2d.js]
[spearheadproperties.local/wp-includes/js/comment-reply.min6c2d.js]
[spearheadproperties.local/wp-content/themes/bridge/index.html]
[apis.google.com/js/plusone.js]
[assets.pinterest.com/js/pinit.js]
[spearheadproperties.local/wp-content/plugins/js_composer/assets/js/dist/js_composer_front.min31dc.js]
[spearheadproperties.local/wp-content/themes/bridge/js/plugins/qode-like.min6c2d.js]
[spearheadproperties.local/wp-content/plugins/elementor/assets/js/webpack.runtime.mindabc.js]
[spearheadproperties.local/wp-content/plugins/elementor/assets/js/frontend-modules.mindabc.js]
[spearheadproperties.local/wp-content/plugins/elementor/assets/js/frontend.mindabc.js]
[spearheadproperties.local/wp-content/plugins/elementor-pro/assets/lib/sticky/jquery.sticky.min9e35.js]
[spearheadproperties.local/wp-content/plugins/unlimited-elements-for-elementor-premium/assets_libraries/fancybox3/jquery.fancybox.min9cf9.js]
[spearheadproperties.local/wp-content/uploads/ac_assets/smooth_scroll/lenis.min9cf9.js]
[spearheadproperties.local/wp-content/uploads/ac_assets/smooth_scroll/ScrollTrigger.min9cf9.js]
[spearheadproperties.local/wp-content/plugins/elementor-pro/assets/js/webpack-pro.runtime.min9e35.js]
[spearheadproperties.local/wp-includes/js/dist/hooks.min4fdd.js]
[spearheadproperties.local/wp-includes/js/dist/i18n.minc33c.js]
[spearheadproperties.local/wp-content/plugins/elementor-pro/assets/js/frontend.min9e35.js]
[spearheadproperties.local/wp-content/plugins/elementor-pro/assets/js/elements-handlers.min9e35.js]
[spearheadproperties.local/wp-includes/js/mediaelement/mejs-controls.svg]
[spearheadproperties.local/wp-content/plugins/chaty-pro/images/header-top.png]
[spearheadproperties.local/wp-content/themes/bridge/css/font-awesome/fonts/fontawesome-webfont3e6e.woff2]
[spearheadproperties.local/wp-content/themes/bridge/css/font-awesome/fonts/fontawesome-webfont3e6e.svg]
[spearheadproperties.local/wp-content/themes/bridge/css/elegant-icons/fonts/ElegantIcons.ttf]
[spearheadproperties.local/wp-content/themes/bridge/css/elegant-icons/fonts/ElegantIcons.woff]
[spearheadproperties.local/wp-content/themes/bridge/css/elegant-icons/fonts/ElegantIcons.svg]
[spearheadproperties.local/wp-content/themes/bridge/css/linea-icons/arrows/fonts/linea-arrows-10.svg]
[spearheadproperties.local/wp-content/themes/bridge/css/linea-icons/basic/fonts/linea-basic-10.svg]
[spearheadproperties.local/wp-content/themes/bridge/css/linea-icons/basic-elaboration/fonts/linea-basic-elaboration-10.svg]
[spearheadproperties.local/wp-content/themes/bridge/css/linea-icons/ecommerce/fonts/linea-ecommerce-10.svg]
[spearheadproperties.local/wp-content/themes/bridge/css/linea-icons/music/fonts/linea-music-10.woff]
[spearheadproperties.local/wp-content/themes/bridge/css/linea-icons/music/fonts/linea-music-10.svg]
[spearheadproperties.local/wp-content/themes/bridge/css/linea-icons/software/fonts/linea-software-10.svg]
[spearheadproperties.local/wp-content/themes/bridge/css/linea-icons/weather/fonts/linea-weather-10.svg]
[spearheadproperties.local/wp-content/themes/bridge/css/dripicons/fonts/dripicons-v2.svg]
[spearheadproperties.local/wp-content/themes/bridge/css/linea-icons/arrows/fonts/linea-arrows-10d41d.eot]
[spearheadproperties.local/wp-content/themes/bridge/css/kiko/webfonts/fontkikolight.woff]
[spearheadproperties.local/wp-content/themes/bridge/css/kiko/webfonts/fontkikoreg.woff]
[spearheadproperties.local/wp-content/themes/bridge/css/kiko/webfonts/fontkikolight.svg]
[spearheadproperties.local/wp-content/themes/bridge/css/kiko/webfonts/fontkikoreg.svg]
[spearheadproperties.local/wp-content/themes/bridge/css/kiko/webfonts/fontkikosolid.svg]
[spearheadproperties.local/wp-content/themes/bridge/css/kiko/webfonts/fontkikosolid.eot]
[spearheadproperties.local/wp-content/themes/bridge/css/font-awesome-5/webfonts/fa-brands-400.svg]
[spearheadproperties.local/wp-content/themes/bridge/css/font-awesome-5/webfonts/fa-regular-400.svg]
[spearheadproperties.local/wp-content/themes/bridge/css/font-awesome-5/webfonts/fa-regular-400.ttf]
[spearheadproperties.local/wp-content/themes/bridge/css/font-awesome-5/webfonts/fa-solid-900.woff2]
[spearheadproperties.local/wp-content/themes/bridge/css/font-awesome-5/webfonts/fa-solid-900.svg]
[spearheadproperties.local/wp-content/themes/bridge/css/img/box_image_shadow.html]
[spearheadproperties.local/wp-content/themes/bridge/css/img/portfolio_list_button.png]
[spearheadproperties.local/wp-content/themes/bridge/css/img/cursor_plus.png]
[spearheadproperties.local/wp-content/themes/bridge/css/img/desaturate.svg]
[spearheadproperties.local/wp-content/themes/bridge/images/prettyPhoto/facebook/default_thumbnail.html]
[spearheadproperties.local/wp-content/uploads/2020/07/footer-background.jpg]
[spearheadproperties.local/wp-content/themes/bridge/css/style_dynamic0308.css]
[spearheadproperties.local/wp-content/plugins/js_composer/assets/vc/alert.png]
[spearheadproperties.local/wp-content/plugins/js_composer/assets/fonts/vc_icons_v2/fonts/vcpb-plugin-iconsb82a.svg]
[spearheadproperties.local/wp-content/plugins/js_composer/assets/images/toggle_open.png]
[spearheadproperties.local/wp-content/plugins/js_composer/assets/vc/blur.svg]
[spearheadproperties.local/wp-content/plugins/js_composer/assets/fonts/vc_grid/vc_grid_v157a1.svg]
[spearheadproperties.local/wp-content/plugins/bridge-core/modules/core-dashboard/assets/css/core-dashboard.min6c2d.css]
[spearheadproperties.local/wp-content/themes/bridge/style.css]
[spearheadproperties.local/wp-content/uploads/elementor/google-fonts/fonts/roboto-kfo5cnqeu92fr1mu53zec9_vu3r1gihoszmkchkawzu.woff2]
[spearheadproperties.local/wp-content/uploads/elementor/google-fonts/fonts/roboto-kfo7cnqeu92fr1me7ksn66agldtyluamawcubgee.woff2]
[spearheadproperties.local/wp-content/uploads/elementor/google-fonts/fonts/roboto-kfo7cnqeu92fr1me7ksn66agldtyluama3yuba.woff2]
[spearheadproperties.local/wp-content/themes/bridge/css/font-awesome-5/webfonts/fa-brands-400d41d.eot]
[spearheadproperties.local/wp-content/uploads/elementor/google-fonts/fonts/cormorantgaramond-co3zmx5slcnuhli8bley9mk7whwmhyjyretimso.woff2]
[spearheadproperties.local/wp-content/uploads/elementor/google-fonts/fonts/cormorantgaramond-co3bmx5slcnuhli8bley9mk7whwmhyjyrxtkgs4.woff2]
[spearheadproperties.local/wp-content/uploads/elementor/google-fonts/fonts/cormorantgaramond-co3bmx5slcnuhli8bley9mk7whwmhyjyp3tkgs4.woff2]
[spearheadproperties.local/wp-content/uploads/elementor/google-fonts/fonts/cormorant-h4clbxocl9bbnla_nhiq4pu9uqc.woff2]
[spearheadproperties.local/wp-content/uploads/elementor/google-fonts/fonts/cormorant-h4clbxocl9bbnla_nhiq65u9uqc.woff2]
[spearheadproperties.local/Version/index.html]
[spearheadproperties.local/68/dD/index.html]
[spearheadproperties.local/8y.html]
[spearheadproperties.local/42/index.html]
[spearheadproperties.local/f7_/index.html]
[spearheadproperties.local/7x_/index.html]
[spearheadproperties.local/31/index.html]
[spearheadproperties.local/rK rL f9 rM @ 7x_/68.rN.5y/index.html]
[spearheadproperties.local/public/assets/assets/svg/index.html]
[spearheadproperties.local/public/assets/svg/index.html]
[spearheadproperties.local/public/assets/assets/sources/index.html]
[spearheadproperties.local/public/assets/sources/index.html]
[spearheadproperties.local/GET.html]
[spearheadproperties.local/window.location.html]
[spearheadproperties.local/c,window.location.html]
[spearheadproperties.local/%cDeprecation Notice_%cjQuery functions are deprecated and no longer supported in %cSlider Revolution 6.5+.html]
[spearheadproperties.local/wp-content/plugins/revslider/index.html]
[spearheadproperties.local/wp-content/plugins/elementor/assets/css/widget-counter.mindabc.css]
[spearheadproperties.local/wp-content/plugins/elementor/assets/css/widget-nested-accordion.mindabc.css]
[spearheadproperties.local/wp-content/uploads/elementor/css/post-686f3da.css]
[spearheadproperties.local/index3f66.html]
[spearheadproperties.local/ellington/revslider/revslider.html]
[spearheadproperties.local/wp-content/plugins/elementor/assets/lib/jquery-numerator/jquery-numerator.min3958.js]
[spearheadproperties.local/wp-content/plugins/elementor/assets/lib/animations/styles/slideInRight.mindabc.css]
[spearheadproperties.local/wp-content/plugins/elementor/assets/css/widget-google_maps.mindabc.css]
[spearheadproperties.local/wp-content/uploads/elementor/css/post-1442ee9.css]
[spearheadproperties.local/index421d.html]
[spearheadproperties.local/contact/revslider/revslider.html]
[spearheadproperties.local/wp-content/uploads/elementor/css/post-7214bf2.css]
[spearheadproperties.local/index8bfb.html]
[spearheadproperties.local/tools/revslider/revslider.html]
[spearheadproperties.local/wp-content/uploads/elementor/css/post-667b83e.css]
[spearheadproperties.local/indexf425.html]
[spearheadproperties.local/sobha/revslider/revslider.html]
[spearheadproperties.local/wp-content/uploads/elementor/css/post-703204c.css]
[spearheadproperties.local/indexf993.html]
[spearheadproperties.local/binghatti/revslider/revslider.html]
[spearheadproperties.local/1P/68.1P.js]
[spearheadproperties.local/wp-content/uploads/elementor/css/post-6816481.css]
[spearheadproperties.local/index1565.html]
[spearheadproperties.local/emaar/revslider/revslider.html]
[spearheadproperties.local/wp-json/oembed/1.0/embedf512]
[spearheadproperties.local/wp-json/wp/v2/pages/7]
[spearheadproperties.local/wp-content/uploads/elementor/css/post-698c38b.css]
[spearheadproperties.local/wp-json/wp/v2/pages/698.json]
[spearheadproperties.local/wp-json/oembed/1.0/embed4aef]
[spearheadproperties.local/wp-json/oembed/1.0/embed490d.json]
[spearheadproperties.local/wp-json/oembed/1.0/embed3837]
[spearheadproperties.local/damac/revslider/revslider.php]
[spearheadproperties.local/damac/index.html]
[spearheadproperties.local/wp-content/uploads/elementor/css/post-676695b.css]
[spearheadproperties.local/index54f6.html]
[spearheadproperties.local/omniyat/revslider/revslider.html]
[spearheadproperties.local/wp-content/uploads/elementor/css/post-693ffa3.css]
[spearheadproperties.local/index61f2.html]
[spearheadproperties.local/deyaar/revslider/revslider.html]
[spearheadproperties.local/wp-content/uploads/elementor/css/post-642bd1e.css]
[spearheadproperties.local/indexd1c3.html]
[spearheadproperties.local/nakheel/revslider/revslider.html]
[spearheadproperties.local/wp-content/uploads/elementor/css/post-708d506.css]
[spearheadproperties.local/index7a58.html]
[spearheadproperties.local/aldaar/revslider/revslider.html]
[spearheadproperties.local/wp-json/oembed/1.0/embed1714]
[spearheadproperties.local/wp-content/themes/bridge/js/plugins/bigtext6c2d.js]
[spearheadproperties.local/l.html]
[spearheadproperties.local/t.params.html]
[spearheadproperties.local/wp-content/themes/bridge/index.html]
[spearheadproperties.local/wp-json/oembed/1.0/embedbcec]
[spearheadproperties.local/wp-content/themes/bridge/css/linea-icons/arrows/fonts/linea-arrows-10.eot]
[spearheadproperties.local/youtu.be/index.html]
[spearheadproperties.local/OPR/index.html]
[spearheadproperties.local/wp-content/themes/bridge/css/kiko/webfonts/fontkikolight.svg]
[spearheadproperties.local/wp-content/themes/bridge/css/linea-icons/basic-elaboration/fonts/linea-basic-elaboration-10d41d.eot]
[spearheadproperties.local/wp-content/themes/bridge/css/kiko/webfonts/fontkikosolid.woff]
[spearheadproperties.local/wp-content/themes/bridge/css/kiko/webfonts/fontkikosolid.svg]
[spearheadproperties.local/wp-content/themes/bridge/css/font-awesome-5/webfonts/fa-brands-400.ttf]
[spearheadproperties.local/wp-content/themes/bridge/css/font-awesome-5/webfonts/fa-regular-400.eot]
[spearheadproperties.local/wp-content/uploads/2020/07/footer-background.html]
[spearheadproperties.local/wp-content/uploads/elementor/google-fonts/fonts/roboto-kfo7cnqeu92fr1me7ksn66agldtyluama3kubgee.woff2]
[spearheadproperties.local/wp-content/uploads/elementor/google-fonts/fonts/cormorantgaramond-co3zmx5slcnuhli8bley9mk7whwmhyjyrethmsq17w.woff2]
[spearheadproperties.local/wp-content/uploads/elementor/google-fonts/fonts/cormorant-h4cjbxocl9bbnla_nhiq6quyoqooag.woff2]
[spearheadproperties.local/wp-content/themes/bridge/css/kiko/webfonts/fontkikolight.eot]
[spearheadproperties.local/1P/68.1P.js]
[spearheadproperties.local/xmlrpc0db0.php]
[spearheadproperties.local/wp-json/oembed/1.0/embed436c]
[spearheadproperties.local/wp-content/uploads/elementor/css/post-698c38b.css]
[spearheadproperties.local/indexfcd3.html]
[spearheadproperties.local/damac/revslider/revslider.html]
[spearheadproperties.local/wp-content/plugins/unlimited-elements-for-elementor-premium/assets_libraries/font-awesome6/fa-solid-900.woff2]
[spearheadproperties.local/pU/index.html]
[spearheadproperties.local/wp-content/plugins/unlimited-elements-for-elementor-premium/assets_libraries/font-awesome6/fa-v4compatibility.woff2]
[spearheadproperties.local/youtu.be/index.html]
[spearheadproperties.local/OPR/index.html]
[spearheadproperties.local/wp-content/themes/bridge/css/kiko/webfonts/fontkikoreg.otf]
[spearheadproperties.local/wp-content/uploads/elementor/google-fonts/fonts/roboto-kfo7cnqeu92fr1me7ksn66agldtyluama3iubgee.woff2]
[spearheadproperties.local/wp-content/uploads/elementor/google-fonts/fonts/cormorantgaramond-co3zmx5slcnuhli8bley9mk7whwmhyjyretfmsq17w.woff2]
[spearheadproperties.local/wp-content/uploads/elementor/google-fonts/fonts/cinzel-8vij7ww63mvu7gt79mt7.woff2]
[spearheadproperties.local/wp-content/uploads/elementor/google-fonts/fonts/cormorant-h4clbxocl9bbnla_nhiq75u9.woff2]
[spearheadproperties.local/pU/index.html]
[spearheadproperties.local/7x_/2V.3o.5y/2J/2V.js]
